[DRIP00001:DRI-PROBE] bringing GL up through the DRI frontend (v2026-09-19 18:35)
[DRIP00001:OOPS-MESA] getenv: this platform exports none, so every name reads as unset. Mesa's debug switches are therefore all off. Said once, not per call.
[DRIP00001:MESA] MESA-LOADER: failed to retrieve device information
[DRIP00001:OOPS-MESA] ioctl #1 0xc0406400 answered 0
[DRIP00001:OOPS-MESA] ioctl #2 0xc0406400 answered 0
[DRIP00001:MESA] MESA-LOADER: failed to retrieve device information
[DRIP00001:OOPS-MESA] ioctl #3 0xc0406400 answered 0
[DRIP00001:OOPS-MESA] ioctl #4 0xc0406400 answered 0
[DRIP00001:OOPS-MESA] ioctl #5 0xc0406400 answered 0
[DRIP00001:OOPS-MESA] ioctl #6 0xc0406400 answered 0
[DRIP00001:OOPS-MESA] devname_r was called; there is no device namespace to name from here.
[DRIP00001:OOPS-MESA] ioctl #7 0xc0286405 answered 0
[DRIP00001:OOPS-MESA] ioctl #8 0xc0406400 answered 0
[DRIP00001:OOPS-MESA] ioctl #9 0xc0406400 answered 0
[DRIP00001:OOPS-MESA] AMDGPU_INFO query 0 (0x0) asked
[DRIP00001:OOPS-MESA] ioctl #10 0x80206445 answered 0
[DRIP00001:OOPS-MESA] AMDGPU_INFO query 22 (0x16) asked
[DRIP00001:OOPS-MESA] device description: 6 of its groups are assumed, not measured; REQ-20260914T1558Z-7d41 is the request that would settle them
[DRIP00001:OOPS-MESA] ioctl #11 0x80206445 answered 0
[DRIP00001:OOPS-MESA] AMDGPU_INFO query 21 (0x15) asked
[DRIP00001:OOPS-MESA] GB_ADDR_CONFIG (0x263e) answered 0x00000004: derived by inverting addrlib against oops-sdk's tiler, not read from the register
[DRIP00001:OOPS-MESA] ioctl #12 0x80206445 answered 0
[DRIP00001:OOPS-MESA] AMDGPU_INFO query 3 (0x3) asked
[DRIP00001:OOPS-MESA] ioctl #13 0x80206445 answered 0
[DRIP00001:OOPS-MESA] AMDGPU_INFO query 2 (0x2) asked
[DRIP00001:OOPS-MESA] ioctl #14 0x80206445 answered 0
[DRIP00001:MESA] /usr/share/libdrm/amdgpu.ids: No such file or directory
[DRIP00001:MESA] No such file or directory
[DRIP00001:OOPS-MESA] ioctl #15 0xc010640c answered 0
[DRIP00001:OOPS-MESA] ioctl #16 0xc00864bf answered 0
[DRIP00001:MESA] amdgpu: drmGetDevice2 failed.
[DRIP00001:OOPS-MESA] device description: 6 of its groups are assumed, not measured; REQ-20260914T1558Z-7d41 is the request that would settle them
[DRIP00001:OOPS-MESA] ioctl #17 0x80206445 answered 0
[DRIP00001:OOPS-MESA] GB_ADDR_CONFIG (0x263e) answered 0x00000004: derived by inverting addrlib against oops-sdk's tiler, not read from the register
[DRIP00001:OOPS-MESA] ioctl #18 0x80206445 answered 0
[DRIP00001:OOPS-MESA] device description: 6 of its groups are assumed, not measured; REQ-20260914T1558Z-7d41 is the request that would settle them
[DRIP00001:OOPS-MESA] ioctl #19 0x80206445 answered 0
[DRIP00001:OOPS-MESA] ioctl #20 0x80206445 answered 0
[DRIP00001:OOPS-MESA] ioctl #21 0x80206445 answered 0
[DRIP00001:OOPS-MESA] hardware IP type 1 is not present on this device
[DRIP00001:OOPS-MESA] AMDGPU_INFO query 2 (0x2) answered -78
[DRIP00001:OOPS-MESA] ioctl #22 0x80206445 answered -78
[DRIP00001:OOPS-MESA] hardware IP type 2 is not present on this device
[DRIP00001:OOPS-MESA] AMDGPU_INFO query 2 (0x2) answered -78
[DRIP00001:OOPS-MESA] ioctl #23 0x80206445 answered -78
[DRIP00001:OOPS-MESA] hardware IP type 3 is not present on this device
[DRIP00001:OOPS-MESA] AMDGPU_INFO query 2 (0x2) answered -78
[DRIP00001:OOPS-MESA] ioctl #24 0x80206445 answered -78
[DRIP00001:OOPS-MESA] hardware IP type 4 is not present on this device
[DRIP00001:OOPS-MESA] AMDGPU_INFO query 2 (0x2) answered -78
[DRIP00001:OOPS-MESA] ioctl #25 0x80206445 answered -78
[DRIP00001:OOPS-MESA] hardware IP type 5 is not present on this device
[DRIP00001:OOPS-MESA] AMDGPU_INFO query 2 (0x2) answered -78
[DRIP00001:OOPS-MESA] ioctl #26 0x80206445 answered -78
[DRIP00001:OOPS-MESA] hardware IP type 6 is not present on this device
[DRIP00001:OOPS-MESA] AMDGPU_INFO query 2 (0x2) answered -78
[DRIP00001:OOPS-MESA] ioctl #27 0x80206445 answered -78
[DRIP00001:OOPS-MESA] hardware IP type 7 is not present on this device
[DRIP00001:OOPS-MESA] AMDGPU_INFO query 2 (0x2) answered -78
[DRIP00001:OOPS-MESA] ioctl #28 0x80206445 answered -78
[DRIP00001:OOPS-MESA] hardware IP type 8 is not present on this device
[DRIP00001:OOPS-MESA] AMDGPU_INFO query 2 (0x2) answered -78
[DRIP00001:OOPS-MESA] ioctl #29 0x80206445 answered -78
[DRIP00001:OOPS-MESA] hardware IP type 9 is not present on this device
[DRIP00001:OOPS-MESA] AMDGPU_INFO query 2 (0x2) answered -78
[DRIP00001:OOPS-MESA] ioctl #30 0x80206445 answered -78
[DRIP00001:OOPS-MESA] AMDGPU_INFO query 14 (0xe) asked
[DRIP00001:OOPS-MESA] firmware version for type 0x4 is not measured; answering 0, which is the conservative side of every gate Mesa keys off it on this part
[DRIP00001:OOPS-MESA] ioctl #31 0x80206445 answered 0
[DRIP00001:OOPS-MESA] firmware version for type 0x8 is not measured; answering 0, which is the conservative side of every gate Mesa keys off it on this part
[DRIP00001:OOPS-MESA] ioctl #32 0x80206445 answered 0
[DRIP00001:OOPS-MESA] firmware version for type 0x5 is not measured; answering 0, which is the conservative side of every gate Mesa keys off it on this part
[DRIP00001:OOPS-MESA] ioctl #33 0x80206445 answered 0
[DRIP00001:OOPS-MESA] AMDGPU_INFO query 25 (0x19) asked
[DRIP00001:OOPS-MESA] memory description: 0x300000000 bytes from the kernel; the pool it bounds is assumed (REQ-20260915T0030Z-5d1c)
[DRIP00001:OOPS-MESA] ioctl #34 0x80206445 answered 0
[DRIP00001:OOPS-MESA] ioctl #35 0xc010640c answered 0
[DRIP00001:OOPS-MESA] AMDGPU_INFO query 33 (0x21) asked
[DRIP00001:OOPS-MESA] ioctl AMDGPU_INFO query 33 (0x21) is not implemented yet
[DRIP00001:OOPS-MESA] AMDGPU_INFO query 33 (0x21) answered -78
[DRIP00001:OOPS-MESA] ioctl #36 0x80206445 answered -78
[DRIP00001:OOPS-MESA] ioctl AMDGPU_INFO query 33 (0x21) is not implemented yet
[DRIP00001:OOPS-MESA] AMDGPU_INFO query 33 (0x21) answered -78
[DRIP00001:OOPS-MESA] ioctl #37 0x80206445 answered -78
[DRIP00001:OOPS-MESA] AMDGPU_INFO query 34 (0x22) asked
[DRIP00001:OOPS-MESA] ioctl AMDGPU_INFO query 34 (0x22) is not implemented yet
[DRIP00001:OOPS-MESA] AMDGPU_INFO query 34 (0x22) answered -78
[DRIP00001:OOPS-MESA] ioctl #38 0x80206445 answered -78
[DRIP00001:OOPS-MESA] ioctl #39 0xc010640c answered 0
[DRIP00001:OOPS-MESA] sysconf(_SC_NPROCESSORS_ONLN): the affinity mask could not be read, so reporting the 14 obSCEne measured for a big-app container rather than failing into Mesa's one-thread fallback.
[DRIP00001:OOPS-MESA] __xuname was called; this platform does not export it and the shim has no system name to give. Returning failure.
[DRIP00001:OOPS-GL] 950 configs offered; one is 8888 double-buffered, depth 32
[DRIP00001:OOPS-MESA] ioctl #40 0xc0106442 answered 0
[DRIP00001:OOPS-MESA] ioctl #41 0xc0206440 answered 0
[DRIP00001:OOPS-MESA] ioctl #42 0xc0086441 answered 0
[DRIP00001:OOPS-MESA] ioctl #43 0xc0206440 answered 0
[DRIP00001:OOPS-MESA] ioctl #44 0xc0406448 answered 0
[DRIP00001:OOPS-MESA] ioctl #45 0xc0086441 answered 0
[DRIP00001:OOPS-MESA] ioctl #46 0xc0206440 answered 0
[DRIP00001:OOPS-MESA] ioctl #47 0xc0406448 answered 0
[DRIP00001:OOPS-MESA] ioctl #48 0xc0086441 answered 0
[DRIP00001:OOPS-MESA] ioctl #49 0xc0206440 answered 0
[DRIP00001:OOPS-MESA] ioctl #50 0xc0406448 answered 0
[DRIP00001:OOPS-MESA] ioctl #51 0xc0206440 answered 0
[DRIP00001:OOPS-MESA] ioctl #52 0xc0406448 answered 0
[DRIP00001:OOPS-MESA] ioctl #53 0xc0106442 answered 0
[DRIP00001:OOPS-MESA] ioctl #54 0xc0206440 answered 0
[DRIP00001:OOPS-MESA] ioctl #55 0xc0086441 answered 0
[DRIP00001:OOPS-MESA] ioctl #56 0xc0206440 answered 0
[DRIP00001:OOPS-MESA] ioctl #57 0xc0406448 answered 0
[DRIP00001:OOPS-MESA] ioctl #58 0xc0086441 answered 0
[DRIP00001:OOPS-MESA] ioctl #59 0xc0206440 answered 0
[DRIP00001:OOPS-MESA] ioctl #60 0xc0406448 answered 0
[DRIP00001:OOPS-MESA] ioctl #61 0xc0086441 answered 0
[DRIP00001:OOPS-MESA] ioctl #62 0xc00864bf answered 0
[DRIP00001:OOPS-MESA] command stream chunk kind 6 is not handled
[DRIP00001:OOPS-MESA] submission 1 did not retire; fence still 0x11111111
[DRIP00001:OOPS-MESA] context 2 has now failed to retire 1 time(s)
[DRIP00001:OOPS-MESA] ioctl #63 0xc0186444 answered -60
[DRIP00001:OOPS-MESA] ioctl #64 0xc0206440 answered 0
[DRIP00001:OOPS-MESA] ioctl #65 0xc0406448 answered 0
[DRIP00001:OOPS-MESA] ioctl #66 0xc0086441 answered 0
---- fatal signal (same capture) ----
# A user thread receives a fatal signal
#
# signal: 11 (SIGSEGV)
# thread ID: 101737
# thread name: eboot.bin
# proc ID: 189
# proc name: eboot.bin
# reason: page fault (user write data, page not present)
# fault address: 0000000200428200
#
# registers:
# rax: 0000000200428200  rbx: 00000008804ca858
# rcx: 0000000000000000  rdx: 0000000000000000
# rsi: 00000008804dc7d0  rdi: 0000000200428200
# rbp: 00000007eeffa510  rsp: 00000007eeffa510
# r8 : 00000007eeffa534  r9 : 00000007eeffa4e8
# r10: 00000007eeffa4f0  r11: 00000000ffffffff
# r12: 00000008804c8020  r13: 00000000000001f0
# r14: 00000000000001f0  r15: 0000000000000010
# rip: 0000000001091115  eflags: 00010287
# lbf: ffffffffffffffff  lbt: ffffffffffffffff
# lb0: ffffffffffffffff  lb1: ffffffffffffffff
# lb2: ffffffffffffffff  lb3: ffffffffffffffff
# lb4: ffffffffffffffff  lb5: ffffffffffffffff
# lb6: ffffffffffffffff  lb7: ffffffffffffffff
#
# backtrace:
copyin: eboot.bin has nonsleeping lock
# 0000000000bb5675
# 0000000000bafc88
# 0000000000baf9fe
# 0000000000c1fa9d
# 0000000000c19450
# 0000000000c1996f
# 0000000000ba306a
# 0000000000be8e10
# 0000000000be7c85
# 0000000000be4297
# 000000000109effc
# 000000000109f525
# 0000000000a4c06d
# 0000000000a4bb54
# 00000000010ae222
# 00000000010997ae
# 000000000108ad83
# 0000000000000000
#
# dynamic libraries:
