[DRIP00001:OOPS-MESA] MMAP  h7 len 2097152 phys 0xe00000 cpu 200428000
[DRIP00001:OOPS-MESA] MMAP  h8 len 2097152 phys 0x1000000 cpu 200628000
[DRIP00001:OOPS-MESA] bo h7 va 0x400a00000 phys 0xe00000: be800086 be810083 d4000002 02000880 00000001 e0001000 80020200 bf800000
[DRIP00001:OOPS-MESA] submitting IB at gpu_va 0x400008000, 864 bytes
---- GPU wavefront fault ----
## Wavefronts with errors:
## [SE:0 SA:0 WGP:0 SIMD:1 WAVE:0] PC=0x0000000400A00014 {STATUS=0x00012040,MODE=0x000001C0,TRAPSTS=0x40000800,HW_ID1=0x00000100,HW_ID2=0x01000006} ILLEGAL_INST
## [SE:0 SA:0 WGP:0 SIMD:3 WAVE:0] PC=0x0000000400A00014 {STATUS=0x00012040,MODE=0x000001C0,TRAPSTS=0x40000800,HW_ID1=0x00000300,HW_ID2=0x01000006} ILLEGAL_INST
## [SE:0 SA:0 WGP:1 SIMD:0 WAVE:0] PC=0x0000000400A00014 {STATUS=0x00012040,MODE=0x000001C0,TRAPSTS=0x40000800,HW_ID1=0x00000400,HW_ID2=0x01000006} ILLEGAL_INST
## [SE:0 SA:0 WGP:1 SIMD:1 WAVE:0] PC=0x0000000400A00014 {STATUS=0x00012040,MODE=0x000001C0,TRAPSTS=0x40000800,HW_ID1=0x00000500,HW_ID2=0x01000006} ILLEGAL_INST
## [SE:0 SA:0 WGP:1 SIMD:2 WAVE:0] PC=0x0000000400A00014 {STATUS=0x00012040,MODE=0x000001C0,TRAPSTS=0x40000800,HW_ID1=0x00000600,HW_ID2=0x01000006} ILLEGAL_INST
## printed the first 5 out of 48 interesting wavefronts.  There were a total of 48 wavefronts.
dbggc_wfdebug_get_physical_gds_location: Unsupported PID[460]
Failed to read GDS (460, 3).
gc_check_gc_busy_with_block busy:1 TS:2567736794365
#
# A user thread receives a fatal signal
#
# exception: 0xa0d0c012 (GPU_FAULT_WAVEFRONT_ERROR_ASYNC)
# proc ID: 460
# proc name: eboot.bin
#
# (Async exception from GPU/system. No thread information.)
#
# dynamic libraries:
