[DRIP00001:OOPS-MESA] queue self-test: q=80058a8b8 scb=1 dcb=1 submit_rc=0 fence=0xbeefcafe -> RETIRED
[DRIP00001:OOPS-MESA] bo h1 va 0x0 phys 0x200000: 00000000 00000000 00000000 00000000 00000000 00000000 00000000 00000000
[DRIP00001:OOPS-MESA] bo h2 va 0x400000000 phys 0x400000: c0012800 80000000 80000000 c0004600 0000000e c0001200 00000000 c0017900
[DRIP00001:OOPS-MESA] bo h3 va 0x400200000 phys 0x600000: 00000000 00000000 00000000 00000000 00000000 00000000 00000000 00000000
[DRIP00001:OOPS-MESA] bo h6 va 0x0 phys 0x204000: 00000000 00000000 00000000 00000000 00000000 00000000 00000000 00000000
[DRIP00001:OOPS-MESA] bo h7 va 0x400a00000 phys 0xe00000: 00000000 00000000 00000000 31016fac 00000000 00000000 00000000 31016fac
[DRIP00001:OOPS-MESA] bo h8 va 0x400c00000 phys 0x1000000: 00000000 00000000 00000000 31016fac 00000000 00000000 00000000 31016fac
[DRIP00001:OOPS-MESA] submitting IB at gpu_va 0x400008000, 864 bytes
---- GPU wavefront fault ----
## Wavefronts with errors:
## [SE:0 SA:0 WGP:0 SIMD:0 WAVE:0] PC=0x0000000400A00014 {STATUS=0x0001A040,MODE=0x000001C0,TRAPSTS=0x40000800,HW_ID1=0x00000000,HW_ID2=0x01000006} ILLEGAL_INST
## [SE:0 SA:0 WGP:0 SIMD:2 WAVE:0] PC=0x0000000400A00014 {STATUS=0x00012040,MODE=0x000001C0,TRAPSTS=0x40000800,HW_ID1=0x00000200,HW_ID2=0x01000006} ILLEGAL_INST
## [SE:0 SA:0 WGP:1 SIMD:0 WAVE:0] PC=0x0000000400A00014 {STATUS=0x00012040,MODE=0x000001C0,TRAPSTS=0x40000800,HW_ID1=0x00000400,HW_ID2=0x01000006} ILLEGAL_INST
## [SE:0 SA:0 WGP:1 SIMD:2 WAVE:0] PC=0x0000000400A00014 {STATUS=0x00012040,MODE=0x000001C0,TRAPSTS=0x40000800,HW_ID1=0x00000600,HW_ID2=0x01000006} ILLEGAL_INST
## [SE:0 SA:0 WGP:2 SIMD:0 WAVE:0] PC=0x0000000400A00014 {STATUS=0x00012040,MODE=0x000001C0,TRAPSTS=0x40000800,HW_ID1=0x00000800,HW_ID2=0x01000006} ILLEGAL_INST
## printed the first 5 out of 48 interesting wavefronts.  There were a total of 48 wavefronts.
dbggc_wfdebug_get_physical_gds_location: Unsupported PID[435]
Failed to read GDS (435, 3).
gc_check_gc_busy_with_block busy:1 TS:2365649398428
#
# A user thread receives a fatal signal
#
# exception: 0xa0d0c012 (GPU_FAULT_WAVEFRONT_ERROR_ASYNC)
# proc ID: 435
# proc name: eboot.bin
#
# (Async exception from GPU/system. No thread information.)
#
# dynamic libraries:
